[backblue.gif]
[fade.gif]
[index.html]
[localhost_8080/clinica_dental/wp-content/themes/astra/assets/js/minified/flexibility.min9bfc.js]
[localhost_8080/clinica_dental/wp-includes/js/jquery/jquery.minf43b.js]
[localhost_8080/clinica_dental/wp-includes/js/jquery/jquery-migrate.min5589.js]
[localhost_8080/clinica_dental/wp-includes/js/dist/hooks.minaf5f.js]
[localhost_8080/clinica_dental/wp-includes/js/dist/i18n.min1cde.js]
[localhost_8080/clinica_dental/wp-content/plugins/elementor/assets/lib/font-awesome/js/v4-shims.min37de.js]
[localhost_8080/clinica_dental/wp-content/uploads/2025/12/cropped-logo-3-scaled-1-32x32.png]
[localhost_8080/clinica_dental/wp-content/uploads/2025/12/cropped-logo-3-scaled-1-192x192.png]
[localhost_8080/clinica_dental/wp-content/uploads/2025/12/cropped-logo-3-scaled-1-180x180.png]
[localhost_8080/clinica_dental/wp-content/uploads/2025/12/logo-scaled-219x83.png]
[localhost_8080/clinica_dental/wp-content/uploads/2017/07/image04-free-img.jpg]
[localhost_8080/clinica_dental/wp-content/uploads/2020/07/about-section-2.jpg]
[localhost_8080/clinica_dental/wp-content/uploads/2020/01/testimonial.jpg]
[localhost_8080/clinica_dental/wp-content/uploads/2020/01/testimonial2.jpg]
[localhost_8080/clinica_dental/wp-content/uploads/2020/06/service-4-150x150.jpg]
[localhost_8080/clinica_dental/wp-content/uploads/2025/12/logo-1-300x114.png]
[localhost_8080/clinica_dental/wp-content/themes/astra/assets/js/minified/frontend.min9bfc.js]
[localhost_8080/clinica_dental/wp-includes/js/dist/dom-ready.min5346.js]
[localhost_8080/clinica_dental/wp-content/plugins/astra-sites/inc/lib/onboarding/assets/dist/template-preview/main1006.js]
[localhost_8080/clinica_dental/wp-content/plugins/elementor/assets/js/webpack.runtime.min37de.js]
[localhost_8080/clinica_dental/wp-content/plugins/elementor/assets/js/frontend-modules.min37de.js]
[localhost_8080/clinica_dental/wp-includes/js/jquery/ui/core.minb37e.js]
[localhost_8080/clinica_dental/wp-content/plugins/elementor/assets/js/frontend.min37de.js]
[localhost_8080/clinica_dental/inicio/index.html]
[localhost_8080/clinica_dental/wp-content/themes/astra/assets/css/minified/main.min9bfc.css]
[localhost_8080/clinica_dental/wp-content/plugins/header-footer-elementor/inc/widgets-css/frontend4250.css]
[localhost_8080/clinica_dental/wp-content/plugins/latepoint/public/stylesheets/front6619.html]
[localhost_8080/clinica_dental/wp-content/plugins/header-footer-elementor/assets/css/header-footer-elementor4250.css]
[localhost_8080/clinica_dental/wp-content/plugins/elementor/assets/lib/eicons/css/elementor-icons.mine085.css]
[localhost_8080/clinica_dental/wp-content/plugins/elementor/assets/css/frontend.min37de.css]
[localhost_8080/clinica_dental/wp-content/uploads/elementor/css/post-83737d1.css]
[localhost_8080/clinica_dental/wp-content/plugins/elementor/assets/lib/font-awesome/css/all.min37de.css]
[localhost_8080/clinica_dental/wp-content/plugins/elementor/assets/lib/font-awesome/css/v4-shims.min37de.css]
[localhost_8080/clinica_dental/wp-content/plugins/elementor/assets/css/conditionals/shapes.min37de.css]
[localhost_8080/clinica_dental/wp-content/plugins/elementor/assets/css/widget-icon-box.min37de.css]
[localhost_8080/clinica_dental/wp-content/plugins/elementor/assets/css/widget-image.min37de.css]
[localhost_8080/clinica_dental/wp-content/plugins/elementor/assets/css/widget-heading.min37de.css]
[localhost_8080/clinica_dental/wp-content/plugins/elementor/assets/css/widget-image-box.min37de.css]
[localhost_8080/clinica_dental/wp-content/plugins/elementor/assets/css/widget-testimonial.min37de.css]
[localhost_8080/clinica_dental/wp-content/plugins/elementor/assets/css/widget-google_maps.min37de.css]
[localhost_8080/clinica_dental/wp-content/uploads/2020/07/dental-bg.jpg]
[localhost_8080/clinica_dental/wp-content/uploads/2020/07/about-section-1.jpg]
[localhost_8080/clinica_dental/wp-content/uploads/2020/06/dots.png]
[localhost_8080/clinica_dental/wp-content/uploads/2020/07/dental-equipment.jpg]
[localhost_8080/clinica_dental/wp-content/uploads/2020/07/CTA-section-bg.jpg]
[localhost_8080/clinica_dental/wp-content/uploads/elementor/css/post-1081c59f.css]
[localhost_8080/clinica_dental/wp-content/plugins/elementor/assets/lib/eicons/css/elementor-icons.min705c.css]
[localhost_8080/clinica_dental/wp-content/plugins/elementor/assets/css/widget-icon-list.min44b4.css]
[localhost_8080/clinica_dental/wp-content/plugins/elementor/assets/css/widget-social-icons.min2401.css]
[localhost_8080/clinica_dental/wp-content/plugins/elementor/assets/lib/font-awesome/css/brands52d5.css]
[localhost_8080/clinica_dental/wp-content/plugins/elementor/assets/lib/font-awesome/css/fontawesome52d5.css]
[localhost_8080/clinica_dental/wp-content/plugins/elementor/assets/lib/font-awesome/css/solid52d5.css]
[localhost_8080/clinica_dental/wp-content/plugins/elementor/assets/lib/font-awesome/css/fontawesome.min52d5.css]
[localhost_8080/clinica_dental/wp-content/plugins/elementor/assets/lib/font-awesome/css/solid.min52d5.css]
[localhost_8080/clinica_dental/wp-content/plugins/elementor/assets/lib/font-awesome/css/regular.min52d5.css]
[localhost_8080/clinica_dental/wp-content/plugins/latepoint/public/javascripts/vendor-front6619.html]
[localhost_8080/clinica_dental/wp-content/plugins/latepoint/public/javascripts/front6619.html]
